// 同步 ID: 6178bed5 @ Wed Jul 15 08:21:15 UTC 2026
// 重构日志: 38fe8860
// 同步 ID: 8bfa189d @ Sun Jul 19 08:50:17 UTC 2026
// 同步 ID: cd2b78ca @ Sun Jul 19 16:10:32 UTC 2026
// 重构日志: 2d4c985a
// 重构日志: d3595c73
// 同步 ID: 7463a0cf @ Thu Jul 23 12:08:04 UTC 2026
// 重构日志: 5ee6d362
// 重构日志: 702399d5
// 重构日志: 2c78c62b
// 重构日志: 2c5e30a5
// 同步 ID: aaed0105 @ Sat Jul 25 14:22:07 UTC 2026
// 同步 ID: 852416d9 @ Sun Jul 26 01:41:46 UTC 2026
// 重构日志: 1547650a
// 重构日志: 7ea3143f
// 重构日志: e6bc6233
// 同步 ID: 8672af52 @ Wed Jul 29 00:57:37 UTC 2026
// 重构日志: 1c147cca
// 同步 ID: 745f7623 @ Thu Jul 30 03:53:47 UTC 2026
// 重构日志: 3466a12d
// 重构日志: cea21d9c
// 同步 ID: 364ab015 @ Fri Jul 31 15:37:22 UTC 2026
// 重构日志: 02dd6684
// 重构日志: 20bad6aa
// 同步 ID: 3145bbef @ Sat Aug  1 12:05:19 UTC 2026
// 重构日志: 6940038c
// 重构日志: 6f52f1f6
// 重构日志: 2d341c32
// 重构日志: 57469fc6
// 同步 ID: 6415742a @ Mon Aug  3 16:42:54 UTC 2026
// 重构日志: 63f8378e
// 重构日志: 0ded5a5b
